// Jest Snapshot v1, https://goo.gl/fbAQLP

exports[`TodoList should render 1`] = `
<View
  style={
    Object {
      "backgroundColor": "#F6F6F6",
      "flex": 1,
    }
  }
>
  <View
    style={
      Object {
        "flex": 1,
      }
    }
  >
    <RCTScrollView
      data={
        Array [
          Object {
            "_id": "3",
            "description": "3",
            "status": "pending",
            "title": "3",
          },
          Object {
            "_id": "1",
            "description": "1",
            "status": "pending",
            "title": "1",
          },
        ]
      }
      disableVirtualization={false}
      extraData={
        Array [
          Object {
            "_id": "3",
            "description": "3",
            "status": "pending",
            "title": "3",
          },
          Object {
            "_id": "1",
            "description": "1",
            "status": "pending",
            "title": "1",
          },
        ]
      }
      getItem={[Function]}
      getItemCount={[Function]}
      horizontal={false}
      initialNumToRender={10}
      keyExtractor={[Function]}
      maxToRenderPerBatch={10}
      numColumns={1}
      onContentSizeChange={[Function]}
      onEndReachedThreshold={2}
      onLayout={[Function]}
      onMomentumScrollEnd={[Function]}
      onScroll={[Function]}
      onScrollBeginDrag={[Function]}
      onScrollEndDrag={[Function]}
      removeClippedSubviews={false}
      renderItem={[Function]}
      scrollEventThrottle={50}
      stickyHeaderIndices={Array []}
      testID="todo-list"
      updateCellsBatchingPeriod={50}
      viewabilityConfigCallbackPairs={Array []}
      windowSize={21}
    >
      <View>
        <View
          onLayout={[Function]}
          style={null}
        >
          <View
            style={
              Object {
                "marginBottom": 5,
                "marginTop": 5,
              }
            }
          >
            <Text
              style={
                Object {
                  "color": "#1745D5",
                  "fontSize": 19,
                }
              }
            >
              3
            </Text>
            <Text
              style={
                Object {
                  "fontSize": 15,
                }
              }
            >
              3
            </Text>
            <Text
              style={
                Object {
                  "fontSize": 13,
                }
              }
            >
              created at: 
              undefined
            </Text>
          </View>
        </View>
        <View
          onLayout={[Function]}
          style={null}
        >
          <View
            style={
              Object {
                "marginBottom": 5,
                "marginTop": 5,
              }
            }
          >
            <Text
              style={
                Object {
                  "color": "#1745D5",
                  "fontSize": 19,
                }
              }
            >
              1
            </Text>
            <Text
              style={
                Object {
                  "fontSize": 15,
                }
              }
            >
              1
            </Text>
            <Text
              style={
                Object {
                  "fontSize": 13,
                }
              }
            >
              created at: 
              undefined
            </Text>
          </View>
        </View>
      </View>
    </RCTScrollView>
  </View>
</View>
`;
